// Jest Snapshot v1, https://goo.gl/fbAQLP

exports[`Scroll Test should match the snapshot 1`] = `
ShallowWrapper {
  "length": 1,
  Symbol(enzyme.__root__): [Circular],
  Symbol(enzyme.__unrendered__): <Scroll
    scroll={
        Object {
            "releaseDate": "year",
            "scrollText": "crawl",
            "title": "title",
          }
    }
/>,
  Symbol(enzyme.__renderer__): Object {
    "batchedUpdates": [Function],
    "getNode": [Function],
    "render": [Function],
    "simulateEvent": [Function],
    "unmount": [Function],
  },
  Symbol(enzyme.__node__): Object {
    "instance": null,
    "key": undefined,
    "nodeType": "host",
    "props": Object {
      "children": Array [
        <p
          className="scroll-text"
>
          crawl
</p>,
        <p
          className="scroll-title"
>
          title
</p>,
        <p
          className="scroll-date"
>
          year
</p>,
      ],
      "className": "scroll",
    },
    "ref": null,
    "rendered": Array [
      Object {
        "instance": null,
        "key": undefined,
        "nodeType": "host",
        "props": Object {
          "children": "crawl",
          "className": "scroll-text",
        },
        "ref": null,
        "rendered": "crawl",
        "type": "p",
      },
      Object {
        "instance": null,
        "key": undefined,
        "nodeType": "host",
        "props": Object {
          "children": "title",
          "className": "scroll-title",
        },
        "ref": null,
        "rendered": "title",
        "type": "p",
      },
      Object {
        "instance": null,
        "key": undefined,
        "nodeType": "host",
        "props": Object {
          "children": "year",
          "className": "scroll-date",
        },
        "ref": null,
        "rendered": "year",
        "type": "p",
      },
    ],
    "type": "div",
  },
  Symbol(enzyme.__nodes__): Array [
    Object {
      "instance": null,
      "key": undefined,
      "nodeType": "host",
      "props": Object {
        "children": Array [
          <p
            className="scroll-text"
>
            crawl
</p>,
          <p
            className="scroll-title"
>
            title
</p>,
          <p
            className="scroll-date"
>
            year
</p>,
        ],
        "className": "scroll",
      },
      "ref": null,
      "rendered": Array [
        Object {
          "instance": null,
          "key": undefined,
          "nodeType": "host",
          "props": Object {
            "children": "crawl",
            "className": "scroll-text",
          },
          "ref": null,
          "rendered": "crawl",
          "type": "p",
        },
        Object {
          "instance": null,
          "key": undefined,
          "nodeType": "host",
          "props": Object {
            "children": "title",
            "className": "scroll-title",
          },
          "ref": null,
          "rendered": "title",
          "type": "p",
        },
        Object {
          "instance": null,
          "key": undefined,
          "nodeType": "host",
          "props": Object {
            "children": "year",
            "className": "scroll-date",
          },
          "ref": null,
          "rendered": "year",
          "type": "p",
        },
      ],
      "type": "div",
    },
  ],
  Symbol(enzyme.__options__): Object {
    "adapter": ReactSixteenAdapter {
      "options": Object {
        "enableComponentDidUpdateOnSetState": true,
      },
    },
  },
}
`;
