// Jest Snapshot v1, https://goo.gl/fbAQLP

exports[`App should match the snapshot 1`] = `
ShallowWrapper {
  "length": 1,
  Symbol(enzyme.__root__): [Circular],
  Symbol(enzyme.__unrendered__): <App />,
  Symbol(enzyme.__renderer__): Object {
    "batchedUpdates": [Function],
    "getNode": [Function],
    "render": [Function],
    "simulateEvent": [Function],
    "unmount": [Function],
  },
  Symbol(enzyme.__node__): Object {
    "instance": null,
    "key": undefined,
    "nodeType": "host",
    "props": Object {
      "children": Array [
        <h1
          className="app-header"
>
          SWAPI-Box
</h1>,
        <Scroll
          scroll={Object {}}
/>,
        <Header
          buttons={
                    Array [
                              Object {
                                "active": false,
                                "name": "people",
                              },
                              Object {
                                "active": false,
                                "name": "planets",
                              },
                              Object {
                                "active": false,
                                "name": "vehicles",
                              },
                              Object {
                                "active": false,
                                "name": "favorites",
                              },
                            ]
          }
          displayCards={[Function]}
          favorites={Array []}
/>,
        <CardContainer
          addToFavorites={[Function]}
          cards={Array []}
          displayFavorites={false}
          error={Object {}}
          removeFromFavorites={[Function]}
/>,
      ],
      "className": "App",
    },
    "ref": null,
    "rendered": Array [
      Object {
        "instance": null,
        "key": undefined,
        "nodeType": "host",
        "props": Object {
          "children": "SWAPI-Box",
          "className": "app-header",
        },
        "ref": null,
        "rendered": "SWAPI-Box",
        "type": "h1",
      },
      Object {
        "instance": null,
        "key": undefined,
        "nodeType": "function",
        "props": Object {
          "scroll": Object {},
        },
        "ref": null,
        "rendered": null,
        "type": [Function],
      },
      Object {
        "instance": null,
        "key": undefined,
        "nodeType": "function",
        "props": Object {
          "buttons": Array [
            Object {
              "active": false,
              "name": "people",
            },
            Object {
              "active": false,
              "name": "planets",
            },
            Object {
              "active": false,
              "name": "vehicles",
            },
            Object {
              "active": false,
              "name": "favorites",
            },
          ],
          "displayCards": [Function],
          "favorites": Array [],
        },
        "ref": null,
        "rendered": null,
        "type": [Function],
      },
      Object {
        "instance": null,
        "key": undefined,
        "nodeType": "function",
        "props": Object {
          "addToFavorites": [Function],
          "cards": Array [],
          "displayFavorites": false,
          "error": Object {},
          "removeFromFavorites": [Function],
        },
        "ref": null,
        "rendered": null,
        "type": [Function],
      },
    ],
    "type": "div",
  },
  Symbol(enzyme.__nodes__): Array [
    Object {
      "instance": null,
      "key": undefined,
      "nodeType": "host",
      "props": Object {
        "children": Array [
          <h1
            className="app-header"
>
            SWAPI-Box
</h1>,
          <Scroll
            scroll={Object {}}
/>,
          <Header
            buttons={
                        Array [
                                    Object {
                                      "active": false,
                                      "name": "people",
                                    },
                                    Object {
                                      "active": false,
                                      "name": "planets",
                                    },
                                    Object {
                                      "active": false,
                                      "name": "vehicles",
                                    },
                                    Object {
                                      "active": false,
                                      "name": "favorites",
                                    },
                                  ]
            }
            displayCards={[Function]}
            favorites={Array []}
/>,
          <CardContainer
            addToFavorites={[Function]}
            cards={Array []}
            displayFavorites={false}
            error={Object {}}
            removeFromFavorites={[Function]}
/>,
        ],
        "className": "App",
      },
      "ref": null,
      "rendered": Array [
        Object {
          "instance": null,
          "key": undefined,
          "nodeType": "host",
          "props": Object {
            "children": "SWAPI-Box",
            "className": "app-header",
          },
          "ref": null,
          "rendered": "SWAPI-Box",
          "type": "h1",
        },
        Object {
          "instance": null,
          "key": undefined,
          "nodeType": "function",
          "props": Object {
            "scroll": Object {},
          },
          "ref": null,
          "rendered": null,
          "type": [Function],
        },
        Object {
          "instance": null,
          "key": undefined,
          "nodeType": "function",
          "props": Object {
            "buttons": Array [
              Object {
                "active": false,
                "name": "people",
              },
              Object {
                "active": false,
                "name": "planets",
              },
              Object {
                "active": false,
                "name": "vehicles",
              },
              Object {
                "active": false,
                "name": "favorites",
              },
            ],
            "displayCards": [Function],
            "favorites": Array [],
          },
          "ref": null,
          "rendered": null,
          "type": [Function],
        },
        Object {
          "instance": null,
          "key": undefined,
          "nodeType": "function",
          "props": Object {
            "addToFavorites": [Function],
            "cards": Array [],
            "displayFavorites": false,
            "error": Object {},
            "removeFromFavorites": [Function],
          },
          "ref": null,
          "rendered": null,
          "type": [Function],
        },
      ],
      "type": "div",
    },
  ],
  Symbol(enzyme.__options__): Object {
    "adapter": ReactSixteenAdapter {
      "options": Object {
        "enableComponentDidUpdateOnSetState": true,
      },
    },
  },
}
`;
