// Jest Snapshot v1, https://goo.gl/fbAQLP

exports[`CardContainer test should match the snapshot 1`] = `
ShallowWrapper {
  "length": 1,
  Symbol(enzyme.__root__): [Circular],
  Symbol(enzyme.__unrendered__): <CardContainer
    addToFavorites={[Function]}
    cards={
        Array [
            Object {},
            Object {},
            Object {},
          ]
    }
    displayFavorites={false}
    error={Object {}}
    removeFromFavorites={[Function]}
/>,
  Symbol(enzyme.__renderer__): Object {
    "batchedUpdates": [Function],
    "getNode": [Function],
    "render": [Function],
    "simulateEvent": [Function],
    "unmount": [Function],
  },
  Symbol(enzyme.__node__): Object {
    "instance": null,
    "key": undefined,
    "nodeType": "host",
    "props": Object {
      "children": Array [
        <Card
          addToFavorites={[Function]}
          card={Object {}}
          removeFromFavorites={[Function]}
/>,
        <Card
          addToFavorites={[Function]}
          card={Object {}}
          removeFromFavorites={[Function]}
/>,
        <Card
          addToFavorites={[Function]}
          card={Object {}}
          removeFromFavorites={[Function]}
/>,
      ],
      "className": "card-container",
    },
    "ref": null,
    "rendered": Array [
      Object {
        "instance": null,
        "key": "0",
        "nodeType": "function",
        "props": Object {
          "addToFavorites": [Function],
          "card": Object {},
          "removeFromFavorites": [Function],
        },
        "ref": null,
        "rendered": null,
        "type": [Function],
      },
      Object {
        "instance": null,
        "key": "1",
        "nodeType": "function",
        "props": Object {
          "addToFavorites": [Function],
          "card": Object {},
          "removeFromFavorites": [Function],
        },
        "ref": null,
        "rendered": null,
        "type": [Function],
      },
      Object {
        "instance": null,
        "key": "2",
        "nodeType": "function",
        "props": Object {
          "addToFavorites": [Function],
          "card": Object {},
          "removeFromFavorites": [Function],
        },
        "ref": null,
        "rendered": null,
        "type": [Function],
      },
    ],
    "type": "div",
  },
  Symbol(enzyme.__nodes__): Array [
    Object {
      "instance": null,
      "key": undefined,
      "nodeType": "host",
      "props": Object {
        "children": Array [
          <Card
            addToFavorites={[Function]}
            card={Object {}}
            removeFromFavorites={[Function]}
/>,
          <Card
            addToFavorites={[Function]}
            card={Object {}}
            removeFromFavorites={[Function]}
/>,
          <Card
            addToFavorites={[Function]}
            card={Object {}}
            removeFromFavorites={[Function]}
/>,
        ],
        "className": "card-container",
      },
      "ref": null,
      "rendered": Array [
        Object {
          "instance": null,
          "key": "0",
          "nodeType": "function",
          "props": Object {
            "addToFavorites": [Function],
            "card": Object {},
            "removeFromFavorites": [Function],
          },
          "ref": null,
          "rendered": null,
          "type": [Function],
        },
        Object {
          "instance": null,
          "key": "1",
          "nodeType": "function",
          "props": Object {
            "addToFavorites": [Function],
            "card": Object {},
            "removeFromFavorites": [Function],
          },
          "ref": null,
          "rendered": null,
          "type": [Function],
        },
        Object {
          "instance": null,
          "key": "2",
          "nodeType": "function",
          "props": Object {
            "addToFavorites": [Function],
            "card": Object {},
            "removeFromFavorites": [Function],
          },
          "ref": null,
          "rendered": null,
          "type": [Function],
        },
      ],
      "type": "div",
    },
  ],
  Symbol(enzyme.__options__): Object {
    "adapter": ReactSixteenAdapter {
      "options": Object {
        "enableComponentDidUpdateOnSetState": true,
      },
    },
  },
}
`;
